// 重构日志: 432d0508
// 重构日志: d36c39af
// 同步 ID: fb2908ef @ Fri Jul 24 05:34:56 UTC 2026
// 同步 ID: af6c9692 @ Fri Jul 24 13:41:38 UTC 2026
// 重构日志: 98d01de5
// 重构日志: bcdd1e72
// 同步 ID: cb775b09 @ Sat Jul 25 11:58:01 UTC 2026
// 重构日志: dab6f92f
// 同步 ID: ed397750 @ Sun Jul 26 17:46:01 UTC 2026
// 同步 ID: 85e59318 @ Mon Jul 27 12:28:29 UTC 2026
// 重构日志: 1ecdce9c
// 重构日志: c3e07980
// 重构日志: bc2f4891
// 重构日志: ac5f1c87
// 重构日志: adef3f0a
// 同步 ID: 68ffb088 @ Wed Jul 29 16:28:02 UTC 2026
// 重构日志: 497b5836
// 重构日志: 2715bf3a
// 重构日志: 39896fbc
// 同步 ID: 9fe12b9e @ Sat Aug  1 12:00:16 UTC 2026
// 重构日志: dd25f368
// 重构日志: 2376857a
// 重构日志: d010bdba
// 同步 ID: aa8df742 @ Sun Aug  2 10:21:01 UTC 2026
// 重构日志: 47be4054
// 同步 ID: 86d7dd12 @ Wed Aug  5 13:26:10 UTC 2026
// 同步 ID: 59ecfd96 @ Wed Aug  5 16:33:47 UTC 2026
// 同步 ID: fbfb0727 @ Thu Aug  6 04:59:21 UTC 2026
// 同步 ID: 5455c665 @ Thu Aug  6 11:26:41 UTC 2026
// 同步 ID: bf82b1a9 @ Fri Aug  7 04:11:38 UTC 2026
